// Jest Snapshot v1, https://goo.gl/fbAQLP

exports[`render footer module 1`] = `
<div>
  <div>
    <div
      class="MuiBox-root css-1qapnz0"
    />
    <div
      class="MuiContainer-root MuiContainer-maxWidthXs css-nzinn5-MuiContainer-root"
    >
      <div
        class="wrapper"
      >
        <div
          class="MuiBox-root css-1r9xrk5"
        />
        <h1
          class="resultado"
        >
          0
        </h1>
        <button
          value="AC"
        >
          AC
        </button>
        <button
          value="+/-"
        >
          +/-
        </button>
        <button
          value="%"
        >
          %
        </button>
        <button
          class="orange"
          value="/"
        >
          /
        </button>
        <button
          class="grey"
          value="7"
        >
          7
        </button>
        <button
          class="grey"
          value="8"
        >
          8
        </button>
        <button
          class="grey"
          value="9"
        >
          9
        </button>
        <button
          class="orange"
          value="X"
        >
          X
        </button>
        <button
          class="grey"
          value="4"
        >
          4
        </button>
        <button
          class="grey"
          value="5"
        >
          5
        </button>
        <button
          class="grey"
          value="6"
        >
          6
        </button>
        <button
          class="orange"
          value="-"
        >
          -
        </button>
        <button
          class="grey"
          value="1"
        >
          1
        </button>
        <button
          class="grey"
          value="2"
        >
          2
        </button>
        <button
          class="grey"
          value="3"
        >
          3
        </button>
        <button
          class="orange"
          value="+"
        >
          +
        </button>
        <button
          class="grey"
          value="0"
        >
          0
        </button>
        <button
          style="visibility: hidden;"
        >
          k
        </button>
         
        <button
          class="grey"
          value="."
        >
          ,
        </button>
        <button
          class="orange"
          value="="
        >
          =
        </button>
      </div>
    </div>
  </div>
</div>
`;
